// Jest Snapshot v1, https://goo.gl/fbAQLP

exports[`Screen: DefaultLayout pushUrlQuery function should push a search query on the URL 1`] = `
Array [
  Object {
    "pathname": "/search",
    "search": "per_page=42&page=1&q=undefined+language:undefined",
  },
]
`;

exports[`Screen: DefaultLayout when passed a component should render it in the default layout 1`] = `
<div
  className="DefaultLayout_1jug6qr u-flex u-flexCol"
>
  <div
    className="Container_16pg94n-o_O-HeaderContainer_sb4ugp"
  >
    <div
      className="Container_inner_w9z6jj-o_O-Container_padding_1cv73u5"
    >
      <div
        className="Header_1mnqmvf u-sm-flex u-sm-flexJustifyBetween u-sm-flexAlignItemsCenter"
      >
        <div
          className="u-sm-flexGrow2"
        >
          <div>
            <h1
              className="Logo_title_229208"
            >
              <a
                className="Logo_link_18deiwy u-flex"
                href="/"
                onClick={[Function]}
              >
                <svg />
                GitHub Repo Search
              </a>
            </h1>
            <p
              className="Logo_subTitle_1r70osc"
            >
              Browse repos via 
              <a
                href="https://developer.github.com/v3/"
              >
                the GitHub API
              </a>
            </p>
          </div>
        </div>
        <div
          className="Header_form_1m5hoq2 u-sm-flexGrow1"
        >
          <form
            className="SearchForm_e296pg"
            onSubmit={[Function]}
          >
            <label
              className="u-hiddenVisually"
              htmlFor="searchInput"
            >
              Search for a repo
            </label>
            <input
              className="SearchForm_input_12zt507"
              id="searchInput"
              onChange={[Function]}
              placeholder="Search for a repo"
              type="text"
              value=""
            />
            <div
              className="Dropdown-root"
            >
              <div
                aria-haspopup="listbox"
                className="Dropdown-control"
                onMouseDown={[Function]}
                onTouchEnd={[Function]}
              >
                <div
                  className="Dropdown-placeholder is-selected"
                >
                  JavaScript
                </div>
                <div
                  className="Dropdown-arrow-wrapper"
                >
                  <span
                    className="Dropdown-arrow"
                  />
                </div>
              </div>
            </div>
            <button
              className="SearchForm_btn_13vgzd5"
              type="submit"
            >
              <svg />
              <span
                className="u-hiddenVisually"
              >
                Submit
              </span>
            </button>
          </form>
        </div>
      </div>
    </div>
  </div>
  <div
    className="u-flexGrow1"
  >
    <p>
      testing
    </p>
  </div>
  <div
    className="Container_16pg94n-o_O-DefaultLayout_footer_15lfnry"
  >
    <div
      className="Container_inner_w9z6jj-o_O-Container_padding_1cv73u5"
    >
      <div
        className="u-flex u-flexWrap u-flexAlignItemsCenter u-flexJustifyBetween"
      >
        <p
          className="DefaultLayout_footerText_nl891q"
        >
          View the 
          <a
            href="https://github.com/rupeshdabbir/github-search-example"
          >
            source on GitHub
          </a>
        </p>
        <div
          className="u-flex u-flexAlignItemsCenter"
        >
          <p
            className="RateLimitContainer_label_18lea6b"
          >
            API requests
          </p>
          <div
            className="RateLimitContainer_xe3jre u-flex"
          >
            <div
              className="RateLimitContainer_item_ygrcmc"
            >
              <p
                className="RateLimit_f9e8qy u-flex"
                title="Limit resets at "
              >
                <span
                  className="RateLimit_label_1rcbo1g"
                >
                  Search
                  :
                </span>
                <span
                  className="RateLimit_low_1aa01pl"
                >
                  0
                </span>
              </p>
            </div>
          </div>
        </div>
      </div>
    </div>
  </div>
</div>
`;
