// Jest Snapshot v1, https://goo.gl/fbAQLP

exports[`SearchConnect: mapStateToProps when given the state should return relevant properties 1`] = `
Object {
  "isPending": true,
  "pagination": Object {},
  "totalResponse": undefined,
  "totalResults": 10,
  "userEntities": Object {
    "1": Object {
      "id": 1,
    },
    "2": Object {
      "id": 2,
    },
  },
  "userIds": Array [
    1,
    2,
    3,
  ],
}
`;
