// Jest Snapshot v1, https://goo.gl/fbAQLP

exports[`Component: Header should render 1`] = `
<div
  className="Header_1mnqmvf u-sm-flex u-sm-flexJustifyBetween u-sm-flexAlignItemsCenter"
>
  <div
    className="u-sm-flexGrow2"
  >
    <div>
      <h1
        className="Logo_title_229208"
      >
        <a
          className="Logo_link_18deiwy u-flex"
          href="/"
          onClick={[Function]}
        >
          <svg />
          GitHub Repo Search
        </a>
      </h1>
      <p
        className="Logo_subTitle_1r70osc"
      >
        Browse repos via 
        <a
          href="https://developer.github.com/v3/"
        >
          the GitHub API
        </a>
      </p>
    </div>
  </div>
  <div
    className="Header_form_1m5hoq2 u-sm-flexGrow1"
  >
    <form
      className="SearchForm_e296pg"
      onSubmit={[Function]}
    >
      <label
        className="u-hiddenVisually"
        htmlFor="searchInput"
      >
        Search for a repo
      </label>
      <input
        className="SearchForm_input_12zt507"
        id="searchInput"
        onChange={[Function]}
        placeholder="Search for a repo"
        type="text"
        value="test"
      />
      <div
        className="Dropdown-root"
      >
        <div
          aria-haspopup="listbox"
          className="Dropdown-control"
          onMouseDown={[Function]}
          onTouchEnd={[Function]}
        >
          <div
            className="Dropdown-placeholder is-selected"
          >
            JavaScript
          </div>
          <div
            className="Dropdown-arrow-wrapper"
          >
            <span
              className="Dropdown-arrow"
            />
          </div>
        </div>
      </div>
      <button
        className="SearchForm_btn_13vgzd5"
        type="submit"
      >
        <svg />
        <span
          className="u-hiddenVisually"
        >
          Submit
        </span>
      </button>
    </form>
  </div>
</div>
`;
