// Jest Snapshot v1, https://goo.gl/fbAQLP

exports[`Component: Loading should render 1`] = `
<div
  className="u-flex u-flexJustifyCenter u-flexAlignItemsCenter"
>
  <svg />
</div>
`;
