// Jest Snapshot v1, https://goo.gl/fbAQLP

exports[`Component: Logo should render 1`] = `
<div>
  <h1
    className="Logo_title_229208"
  >
    <a
      className="Logo_link_18deiwy u-flex"
      href="/"
      onClick={[Function]}
    >
      <svg />
      GitHub Repo Search
    </a>
  </h1>
  <p
    className="Logo_subTitle_1r70osc"
  >
    Browse repos via 
    <a
      href="https://developer.github.com/v3/"
    >
      the GitHub API
    </a>
  </p>
</div>
`;
